[0m[38;2;88;212;255m██╗     ███████╗ █████╗ ███████╗██╗   ██╗[0m
[38;2;108;173;255m██║     ██╔════╝██╔══██╗██╔════╝██║   ██║[0m
[38;2;138;134;255m██║     █████╗  ███████║███████╗████████║ [0m
[38;2;168;115;255m██║     ██╔══╝  ██╔══██║╚════██║██╔═══██║[0m
[38;2;198;96;255m███████╗███████╗██║  ██║███████║██║   ██║[0m
[38;2;228;77;255m╚══════╝╚══════╝╚═╝  ╚═╝╚══════╝╚═╝   ╚═╝[0m
